[debug] [2025-09-21T09:43:19.014Z] ----------------------------------------------------------------------
[debug] [2025-09-21T09:43:19.016Z] Command:       C:\Program Files\nodejs\node.exe C:\Users\Welcome\AppData\Roaming\npm\node_modules\firebase-tools\lib\bin\firebase.js init functions
[debug] [2025-09-21T09:43:19.016Z] CLI Version:   14.17.0
[debug] [2025-09-21T09:43:19.016Z] Platform:      win32
[debug] [2025-09-21T09:43:19.016Z] Node Version:  v22.19.0
[debug] [2025-09-21T09:43:19.017Z] Time:          Sun Sep 21 2025 15:13:19 GMT+0530 (India Standard Time)
[debug] [2025-09-21T09:43:19.017Z] ----------------------------------------------------------------------
[debug] 
[debug] [2025-09-21T09:43:19.021Z] > command requires scopes: ["email","openid","https://www.googleapis.com/auth/cloudplatformprojects.readonly","https://www.googleapis.com/auth/firebase","https://www.googleapis.com/auth/cloud-platform"]
[debug] [2025-09-21T09:43:19.022Z] > authorizing via signed-in user (sudhanshushekhar692004@gmail.com)
[info] 
     ######## #### ########  ######## ########     ###     ######  ########
     ##        ##  ##     ## ##       ##     ##  ##   ##  ##       ##
     ######    ##  ########  ######   ########  #########  ######  ######
     ##        ##  ##    ##  ##       ##     ## ##     ##       ## ##
     ##       #### ##     ## ######## ########  ##     ##  ######  ########

You're about to initialize a Firebase project in this directory:

  C:\Users\Welcome\AndroidStudioProjects\MilkoSysDairy

[info] 
=== Project Setup
[info] 
[info] First, let's associate this project directory with a Firebase project.
[info] You can create multiple project aliases by running firebase use --add, 
[info] but for now we'll just set up a default project.
[info] 
